
[1m[30m[46m RUN [49m[39m[22m [36mv4.1.6 [39m[90mC:/Projects/fitness-tracker[39m

 [32mтЬУ[39m js/tests/core/storage.demo.test.ts [2m([22m[2m4 tests[22m[2m)[22m[32m 9[2mms[22m[39m
 [32mтЬУ[39m js/tests/ui/CheckinForm.test.tsx [2m([22m[2m6 tests[22m[2m)[22m[33m 1196[2mms[22m[39m
     [33m[2mтЬУ[22m[39m shows validation error when user tries to save with no data entered [33m 385[2mms[22m[39m
 [32mтЬУ[39m js/tests/ui/OnboardingWizard.test.tsx [2m([22m[2m7 tests[22m[2m)[22m[33m 1574[2mms[22m[39m
     [33m[2mтЬУ[22m[39m advances to goal selection when user clicks primary CTA [33m 460[2mms[22m[39m
     [33m[2mтЬУ[22m[39m shows gadget selection with auto-detected tier on step 4 [33m 407[2mms[22m[39m
     [33m[2mтЬУ[22m[39m recommends light tier when user selects manual input gadget [33m 489[2mms[22m[39m
 [32mтЬУ[39m js/tests/ui/TodayPage.test.tsx [2m([22m[2m7 tests[22m[2m)[22m[33m 747[2mms[22m[39m
     [33m[2mтЬУ[22m[39m shows recovery score when user has check-in data [33m 442[2mms[22m[39m
 [32mтЬУ[39m js/tests/stores/useAppStore.test.ts [2m([22m[2m11 tests[22m[2m)[22m[33m 573[2mms[22m[39m
     [33m[2mтЬУ[22m[39m new exercise result is queued for saving [33m 552[2mms[22m[39m
 [32mтЬУ[39m js/tests/components/ScaleSelector.test.tsx [2m([22m[2m5 tests[22m[2m)[22m[33m 570[2mms[22m[39m
     [33m[2mтЬУ[22m[39m renders correct number of buttons [33m 447[2mms[22m[39m
 [32mтЬУ[39m js/tests/components/EmptyState.test.tsx [2m([22m[2m6 tests[22m[2m)[22m[33m 442[2mms[22m[39m
     [33m[2mтЬУ[22m[39m renders action button and calls onClick when clicked [33m 317[2mms[22m[39m
 [32mтЬУ[39m js/tests/stores/useAppStore.offset.test.ts [2m([22m[2m4 tests[22m[2m)[22m[32m 118[2mms[22m[39m
 [32mтЬУ[39m js/tests/components/CorrelationCard.test.tsx [2m([22m[2m6 tests[22m[2m)[22m[32m 153[2mms[22m[39m
 [32mтЬУ[39m js/tests/components/StatBox.test.tsx [2m([22m[2m3 tests[22m[2m)[22m[32m 109[2mms[22m[39m
 [32mтЬУ[39m js/tests/components/MiniSparkline.test.tsx [2m([22m[2m4 tests[22m[2m)[22m[32m 70[2mms[22m[39m
 [32mтЬУ[39m js/tests/core/achievements.test.ts [2m([22m[2m8 tests[22m[2m)[22m[32m 105[2mms[22m[39m
 [32mтЬУ[39m js/tests/core/readiness.test.ts [2m([22m[2m17 tests[22m[2m)[22m[32m 12[2mms[22m[39m
 [32mтЬУ[39m js/tests/core/demoData.test.ts [2m([22m[2m7 tests[22m[2m)[22m[32m 74[2mms[22m[39m
 [32mтЬУ[39m js/tests/components/Skeleton.test.tsx [2m([22m[2m2 tests[22m[2m)[22m[32m 72[2mms[22m[39m
 [32mтЬУ[39m js/tests/core/correlations.test.ts [2m([22m[2m7 tests[22m[2m)[22m[32m 32[2mms[22m[39m
 [32mтЬУ[39m js/tests/core/adaptiveTier.test.ts [2m([22m[2m6 tests[22m[2m)[22m[32m 31[2mms[22m[39m
 [32mтЬУ[39m js/tests/core/analytics.test.ts [2m([22m[2m4 tests[22m[2m)[22m[32m 19[2mms[22m[39m
 [32mтЬУ[39m js/tests/core/planning.test.ts [2m([22m[2m11 tests[22m[2m)[22m[32m 29[2mms[22m[39m
 [32mтЬУ[39m js/tests/core/apre.test.ts [2m([22m[2m56 tests[22m[2m)[22m[32m 25[2mms[22m[39m
 [32mтЬУ[39m js/tests/core/recoveryScore.test.ts [2m([22m[2m11 tests[22m[2m)[22m[32m 13[2mms[22m[39m
 [32mтЬУ[39m js/tests/core/stats.test.ts [2m([22m[2m12 tests[22m[2m)[22m[32m 11[2mms[22m[39m
 [32mтЬУ[39m js/tests/core/streak.test.ts [2m([22m[2m12 tests[22m[2m)[22m[32m 13[2mms[22m[39m
 [32mтЬУ[39m js/tests/core/validation.test.ts [2m([22m[2m9 tests[22m[2m)[22m[32m 11[2mms[22m[39m
 [32mтЬУ[39m js/tests/core/advice.test.ts [2m([22m[2m6 tests[22m[2m)[22m[32m 10[2mms[22m[39m
 [32mтЬУ[39m js/tests/core/helpers.test.ts [2m([22m[2m5 tests[22m[2m)[22m[32m 10[2mms[22m[39m
 [32mтЬУ[39m js/tests/deriveTier.test.ts [2m([22m[2m8 tests[22m[2m)[22m[32m 8[2mms[22m[39m

[2m Test Files [22m [1m[32m27 passed[39m[22m[90m (27)[39m
[2m      Tests [22m [1m[32m244 passed[39m[22m[90m (244)[39m
[2m   Start at [22m 15:49:22
[2m   Duration [22m 41.69s[2m (transform 1.87s, setup 8.07s, import 11.58s, tests 6.04s, environment 79.74s)[22m

